
Running 10 tests using 6 workers
.................................·.........·...·......................................··..........·..........·............·...·T

  1) [desktop-chrome] › defaultAccessibilityStandards.test.ts:5:1 › default player accessibility standards 

    [31mTest timeout of 600000ms exceeded.[39m

    Error: page.evaluate: Test timeout of 600000ms exceeded.

      10 |
      11 |   await defaultPlayerPermutations(async (params) => {
    > 12 |     await page.evaluate(async (params) => {
         |                ^
      13 |       const player = BeyondWords.Player.instances()[0];
      14 |       Object.entries(params).forEach(([k, v]) => player[k] = v);
      15 |

        at callback (/player/test/features/defaultAccessibilityStandards.test.ts:12:16)
        at defaultPlayerPermutations (/player/test/support/defaultPlayerPermutations.ts:55:11)
        at /player/test/features/defaultAccessibilityStandards.test.ts:11:3

  Slow test file: [desktop-chrome] › defaultAccessibilityStandards.test.ts (10.0m)
  Slow test file: [desktop-firefox] › defaultAccessibilityStandards.test.ts (33.0s)
  Slow test file: [desktop-safari] › defaultAccessibilityStandards.test.ts (31.0s)
  Slow test file: [desktop-chrome] › defaultScreenshotComparison.test.ts (17.7s)
  Slow test file: [mobile-ios] › defaultAccessibilityStandards.test.ts (16.9s)
  Consider splitting slow test files to speed up parallel execution
  1 failed
    [desktop-chrome] › defaultAccessibilityStandards.test.ts:5:1 › default player accessibility standards 
  9 passed (10.1m)
npm notice 
npm notice New major version of npm available! 10.1.0 -> 12.0.1
npm notice Changelog: <https://github.com/npm/cli/releases/tag/v12.0.1>
npm notice Run `npm install -g npm@12.0.1` to update!
npm notice 
